---
source: crates/mun_hir/src/ty/tests.rs
expression: "fn bar(a: float, b: bool) {\n    a = !a; // mismatched type\n    b = -b; // mismatched type\n}"
---
[37; 38): cannot apply unary operator
[36; 38): mismatched type
[68; 69): cannot apply unary operator
[67; 69): mismatched type
[7; 8) 'a': float
[17; 18) 'b': bool
[26; 91) '{     ...type }': nothing
[32; 33) 'a': float
[32; 38) 'a = !a': nothing
[36; 38) '!a': {unknown}
[37; 38) 'a': float
[63; 64) 'b': bool
[63; 69) 'b = -b': nothing
[67; 69) '-b': {unknown}
[68; 69) 'b': bool
