---
source: crates/mun_codegen/src/test.rs
expression: "pub fn equals(a:int, b:int) -> bool                { a == b }\npub fn not_equals(a:int, b:int) -> bool            { a != b }\npub fn less(a:int, b:int) -> bool                  { a < b }\npub fn less_equal(a:int, b:int) -> bool            { a <= b }\npub fn greater(a:int, b:int) -> bool               { a > b }\npub fn greater_equal(a:int, b:int) -> bool         { a >= b }\npub fn equalsf(a:float, b:float) -> bool           { a == b }\npub fn not_equalsf(a:float, b:float) -> bool       { a != b }\npub fn lessf(a:float, b:float) -> bool             { a < b }\npub fn less_equalf(a:float, b:float) -> bool       { a <= b }\npub fn greaterf(a:float, b:float) -> bool          { a > b }\npub fn greater_equalf(a:float, b:float) -> bool    { a >= b }"
---
; == FILE IR =====================================
; ModuleID = 'main.mun'
source_filename = "main.mun"

%struct.MunTypeInfo = type { [16 x i8], i8 addrspace(4)*, i32, i8, i8 }

@global_type_table = external global [3 x %struct.MunTypeInfo addrspace(4)*]

define i1 @equals(i64, i64) {
body:
  %eq = icmp eq i64 %0, %1
  ret i1 %eq
}

define i1 @not_equals(i64, i64) {
body:
  %neq = icmp ne i64 %0, %1
  ret i1 %neq
}

define i1 @less(i64, i64) {
body:
  %less = icmp slt i64 %0, %1
  ret i1 %less
}

define i1 @less_equal(i64, i64) {
body:
  %lesseq = icmp sle i64 %0, %1
  ret i1 %lesseq
}

define i1 @greater(i64, i64) {
body:
  %greater = icmp sgt i64 %0, %1
  ret i1 %greater
}

define i1 @greater_equal(i64, i64) {
body:
  %greatereq = icmp sge i64 %0, %1
  ret i1 %greatereq
}

define i1 @equalsf(double, double) {
body:
  %eq = fcmp oeq double %0, %1
  ret i1 %eq
}

define i1 @not_equalsf(double, double) {
body:
  %neq = fcmp one double %0, %1
  ret i1 %neq
}

define i1 @lessf(double, double) {
body:
  %less = fcmp olt double %0, %1
  ret i1 %less
}

define i1 @less_equalf(double, double) {
body:
  %lesseq = fcmp ole double %0, %1
  ret i1 %lesseq
}

define i1 @greaterf(double, double) {
body:
  %greater = fcmp ogt double %0, %1
  ret i1 %greater
}

define i1 @greater_equalf(double, double) {
body:
  %greatereq = fcmp oge double %0, %1
  ret i1 %greatereq
}


; == GROUP IR ====================================
; ModuleID = 'group_name'
source_filename = "group_name"

%struct.MunTypeInfo = type { [16 x i8], i8 addrspace(4)*, i32, i8, i8 }

@"type_info::<core::i64>::name" = private unnamed_addr constant [10 x i8] c"core::i64\00"
@"type_info::<core::i64>" = private unnamed_addr constant %struct.MunTypeInfo { [16 x i8] c"G\13;t\97j8\18\D7M\83`\1D\C8\19%", [10 x i8]* @"type_info::<core::i64>::name", i32 64, i8 8, i8 0 }
@"type_info::<core::f64>::name" = private unnamed_addr constant [10 x i8] c"core::f64\00"
@"type_info::<core::f64>" = private unnamed_addr constant %struct.MunTypeInfo { [16 x i8] c"`\DBF\9C?YJ%G\AD4\9F\D5\92%A", [10 x i8]* @"type_info::<core::f64>::name", i32 64, i8 8, i8 0 }
@"type_info::<core::bool>::name" = private unnamed_addr constant [11 x i8] c"core::bool\00"
@"type_info::<core::bool>" = private unnamed_addr constant %struct.MunTypeInfo { [16 x i8] c"x\82\81m t7\03\CB\F8k\81-;\C9\84", [11 x i8]* @"type_info::<core::bool>::name", i32 1, i8 1, i8 0 }
@global_type_table = global [3 x %struct.MunTypeInfo addrspace(4)*] [%struct.MunTypeInfo addrspace(4)* @"type_info::<core::i64>", %struct.MunTypeInfo addrspace(4)* @"type_info::<core::f64>", %struct.MunTypeInfo addrspace(4)* @"type_info::<core::bool>"]

