---
source: crates/mun_codegen/src/test.rs
expression: "// resources/script.mun\nextern fn thing(n: int);\nextern fn print(n: int) -> int;\n\npub fn main() {\n    // 1st\n    print(1);\n    thing(5);\n\n    // 2nd\n    print(2);\n    thing(78);\n}"
---
; ModuleID = 'group_name'
source_filename = "group_name"

%struct.MunTypeInfo = type { [16 x i8], i8 addrspace(4)*, i32, i8, i8 }
%DispatchTable = type { i64 (i64)*, void (i64)* }

@"type_info::<core::i64>::name" = private unnamed_addr constant [10 x i8] c"core::i64\00"
@"type_info::<core::i64>" = private unnamed_addr constant %struct.MunTypeInfo { [16 x i8] c"G\13;t\97j8\18\D7M\83`\1D\C8\19%", [10 x i8]* @"type_info::<core::i64>::name", i32 64, i8 8, i8 0 }
@global_type_table = global [1 x %struct.MunTypeInfo addrspace(4)*] [%struct.MunTypeInfo addrspace(4)* @"type_info::<core::i64>"]
@dispatchTable = global %DispatchTable zeroinitializer

