---
source: crates/mun_codegen/src/test.rs
expression: "fn main(a:int):int {\n  a\n}"
---
; ModuleID = 'group_name'
source_filename = "group_name"

