---
source: crates/mun_codegen/src/test.rs
expression: "pub fn main(a:int) -> int {\n    if a > 4 {\n        return a;\n    } else {\n        return a - 1;\n    }\n}"
---
; == FILE IR =====================================
; ModuleID = 'main.mun'
source_filename = "main.mun"

%struct.MunTypeInfo = type { [16 x i8], i8 addrspace(4)*, i32, i8, i8 }

@global_type_table = external global [1 x %struct.MunTypeInfo addrspace(4)*]

define i64 @main(i64) {
body:
  %greater = icmp sgt i64 %0, 4
  br i1 %greater, label %then, label %else

then:                                             ; preds = %body
  ret i64 %0

else:                                             ; preds = %body
  %sub = sub i64 %0, 1
  ret i64 %sub
}


; == GROUP IR ====================================
; ModuleID = 'group_name'
source_filename = "group_name"

%struct.MunTypeInfo = type { [16 x i8], i8 addrspace(4)*, i32, i8, i8 }

@"type_info::<core::i64>::name" = private unnamed_addr constant [10 x i8] c"core::i64\00"
@"type_info::<core::i64>" = private unnamed_addr constant %struct.MunTypeInfo { [16 x i8] c"G\13;t\97j8\18\D7M\83`\1D\C8\19%", [10 x i8]* @"type_info::<core::i64>::name", i32 64, i8 8, i8 0 }
@global_type_table = global [1 x %struct.MunTypeInfo addrspace(4)*] [%struct.MunTypeInfo addrspace(4)* @"type_info::<core::i64>"]

