---
source: crates/mun_codegen/src/test.rs
expression: "fn do_the_things(n: int) -> int {\n    n + 7\n}\n\npub fn main() {\n    do_the_things(3);\n}"
---
; == FILE IR =====================================
; ModuleID = 'main.mun'
source_filename = "main.mun"

%DispatchTable = type { i64 (i64)* }
%struct.MunTypeInfo = type { [16 x i8], i8 addrspace(4)*, i32, i8, i8 }

@dispatchTable = external global %DispatchTable
@global_type_table = external global [1 x %struct.MunTypeInfo addrspace(4)*]

define i64 @do_the_things(i64) {
body:
  %add = add i64 %0, 7
  ret i64 %add
}

define void @main() {
body:
  %do_the_things_ptr = load i64 (i64)*, i64 (i64)** getelementptr inbounds (%DispatchTable, %DispatchTable* @dispatchTable, i32 0, i32 0)
  %do_the_things = call i64 %do_the_things_ptr(i64 3)
  ret void
}


; == GROUP IR ====================================
; ModuleID = 'group_name'
source_filename = "group_name"

%DispatchTable = type { i64 (i64)* }
%struct.MunTypeInfo = type { [16 x i8], i8 addrspace(4)*, i32, i8, i8 }

@dispatchTable = global %DispatchTable { i64 (i64)* @do_the_things }
@"type_info::<core::i64>::name" = private unnamed_addr constant [10 x i8] c"core::i64\00"
@"type_info::<core::i64>" = private unnamed_addr constant %struct.MunTypeInfo { [16 x i8] c"G\13;t\97j8\18\D7M\83`\1D\C8\19%", [10 x i8]* @"type_info::<core::i64>::name", i32 64, i8 8, i8 0 }
@global_type_table = global [1 x %struct.MunTypeInfo addrspace(4)*] [%struct.MunTypeInfo addrspace(4)* @"type_info::<core::i64>"]

declare i64 @do_the_things(i64)

