---
source: crates/mun_codegen/src/test.rs
expression: "struct(value) Bar(float, int, bool, Foo);\nstruct(value) Foo { a: int };\nstruct(value) Baz;\nfn foo() {\n    let a: Foo = Foo { a: 5 };\n    let b: Bar = Bar(1.23, a.a, true, a);\n    let c: Baz = Baz;\n}"
---
; ModuleID = 'group_name'
source_filename = "group_name"

%struct.MunTypeInfo = type { [16 x i8], i8 addrspace(4)*, i32, i8, i8 }
%struct.MunStructInfo = type { i8 addrspace(4)*, i8 addrspace(4)* addrspace(4)*, %struct.MunTypeInfo addrspace(4)* addrspace(4)*, i16 addrspace(4)*, i16, i8 }
%DispatchTable = type { i8* addrspace(4)* (i8 addrspace(4)*, i8*)*, i8* addrspace(4)* (i8 addrspace(4)*, i8*)* }

@"type_info::<Foo>::name" = private unnamed_addr constant [4 x i8] c"Foo\00"
@"struct_info::<Foo>::name" = private unnamed_addr constant [4 x i8] c"Foo\00"
@"struct_info::<Foo>::field_names" = private unnamed_addr constant [2 x i8] c"a\00"
@0 = private unnamed_addr constant [1 x i8 addrspace(4)*] [i8 addrspace(4)* @"struct_info::<Foo>::field_names"]
@"type_info::<core::i64>::name" = private unnamed_addr constant [10 x i8] c"core::i64\00"
@"type_info::<core::i64>" = private unnamed_addr constant %struct.MunTypeInfo { [16 x i8] c"G\13;t\97j8\18\D7M\83`\1D\C8\19%", [10 x i8]* @"type_info::<core::i64>::name", i32 64, i8 8, i8 0 }
@"struct_info::<Foo>::field_types" = private unnamed_addr constant [1 x %struct.MunTypeInfo addrspace(4)*] [%struct.MunTypeInfo addrspace(4)* @"type_info::<core::i64>"]
@"struct_info::<Foo>::field_offsets" = private unnamed_addr constant [1 x i16] zeroinitializer
@"type_info::<Foo>" = private unnamed_addr constant { %struct.MunTypeInfo, %struct.MunStructInfo } { %struct.MunTypeInfo { [16 x i8] c"\13V\C6}z\D1c\8D\81k\FB\82-\D2\C2]", [4 x i8]* @"type_info::<Foo>::name", i32 64, i8 8, i8 1 }, %struct.MunStructInfo { [4 x i8]* @"struct_info::<Foo>::name", [1 x i8 addrspace(4)*]* @0, [1 x %struct.MunTypeInfo addrspace(4)*]* @"struct_info::<Foo>::field_types", [1 x i16]* @"struct_info::<Foo>::field_offsets", i16 1, i8 1 } }
@"type_info::<*const TypeInfo>::name" = private unnamed_addr constant [16 x i8] c"*const TypeInfo\00"
@"type_info::<*const TypeInfo>" = private unnamed_addr constant %struct.MunTypeInfo { [16 x i8] c"=\A1-\1F\C2\A7\88`d\90\F4\B5\BEE}x", [16 x i8]* @"type_info::<*const TypeInfo>::name", i32 64, i8 8, i8 0 }
@"type_info::<core::f64>::name" = private unnamed_addr constant [10 x i8] c"core::f64\00"
@"type_info::<core::f64>" = private unnamed_addr constant %struct.MunTypeInfo { [16 x i8] c"`\DBF\9C?YJ%G\AD4\9F\D5\92%A", [10 x i8]* @"type_info::<core::f64>::name", i32 64, i8 8, i8 0 }
@"type_info::<core::bool>::name" = private unnamed_addr constant [11 x i8] c"core::bool\00"
@"type_info::<core::bool>" = private unnamed_addr constant %struct.MunTypeInfo { [16 x i8] c"x\82\81m t7\03\CB\F8k\81-;\C9\84", [11 x i8]* @"type_info::<core::bool>::name", i32 1, i8 1, i8 0 }
@"type_info::<*const *mut core::void>::name" = private unnamed_addr constant [23 x i8] c"*const *mut core::void\00"
@"type_info::<*const *mut core::void>" = private unnamed_addr constant %struct.MunTypeInfo { [16 x i8] c"\C5fO\BD\84\DF\06\BFd+\B1\9Abv\CE\00", [23 x i8]* @"type_info::<*const *mut core::void>::name", i32 64, i8 8, i8 0 }
@"type_info::<Bar>::name" = private unnamed_addr constant [4 x i8] c"Bar\00"
@"struct_info::<Bar>::name" = private unnamed_addr constant [4 x i8] c"Bar\00"
@"struct_info::<Bar>::field_names" = private unnamed_addr constant [2 x i8] c"0\00"
@"struct_info::<Bar>::field_names.1" = private unnamed_addr constant [2 x i8] c"1\00"
@"struct_info::<Bar>::field_names.2" = private unnamed_addr constant [2 x i8] c"2\00"
@"struct_info::<Bar>::field_names.3" = private unnamed_addr constant [2 x i8] c"3\00"
@1 = private unnamed_addr constant [4 x i8 addrspace(4)*] [i8 addrspace(4)* @"struct_info::<Bar>::field_names", i8 addrspace(4)* @"struct_info::<Bar>::field_names.1", i8 addrspace(4)* @"struct_info::<Bar>::field_names.2", i8 addrspace(4)* @"struct_info::<Bar>::field_names.3"]
@"struct_info::<Bar>::field_types" = private unnamed_addr constant [4 x %struct.MunTypeInfo addrspace(4)*] [%struct.MunTypeInfo addrspace(4)* @"type_info::<core::f64>", %struct.MunTypeInfo addrspace(4)* @"type_info::<core::i64>", %struct.MunTypeInfo addrspace(4)* @"type_info::<core::bool>", %struct.MunTypeInfo addrspace(4)* @"type_info::<Foo>"]
@"struct_info::<Bar>::field_offsets" = private unnamed_addr constant [4 x i16] [i16 0, i16 8, i16 16, i16 24]
@"type_info::<Bar>" = private unnamed_addr constant { %struct.MunTypeInfo, %struct.MunStructInfo } { %struct.MunTypeInfo { [16 x i8] c"\DD\C3_\88\FAq\B6\EF\14*\E6\1F56FS", [4 x i8]* @"type_info::<Bar>::name", i32 256, i8 8, i8 1 }, %struct.MunStructInfo { [4 x i8]* @"struct_info::<Bar>::name", [4 x i8 addrspace(4)*]* @1, [4 x %struct.MunTypeInfo addrspace(4)*]* @"struct_info::<Bar>::field_types", [4 x i16]* @"struct_info::<Bar>::field_offsets", i16 4, i8 1 } }
@"type_info::<*const core::void>::name" = private unnamed_addr constant [18 x i8] c"*const core::void\00"
@"type_info::<*const core::void>" = private unnamed_addr constant %struct.MunTypeInfo { [16 x i8] c"\EF\D3\E0ac~\5C\D4\EF\AE\B1}\CA\BE\DA\16", [18 x i8]* @"type_info::<*const core::void>::name", i32 64, i8 8, i8 0 }
@"type_info::<*mut core::void>::name" = private unnamed_addr constant [16 x i8] c"*mut core::void\00"
@"type_info::<*mut core::void>" = private unnamed_addr constant %struct.MunTypeInfo { [16 x i8] c"\F0Y\22\FC\95\9E\7F\CE\08T\B1\A2\CD\A7\FAz", [16 x i8]* @"type_info::<*mut core::void>::name", i32 64, i8 8, i8 0 }
@"type_info::<Baz>::name" = private unnamed_addr constant [4 x i8] c"Baz\00"
@"struct_info::<Baz>::name" = private unnamed_addr constant [4 x i8] c"Baz\00"
@"type_info::<Baz>" = private unnamed_addr constant { %struct.MunTypeInfo, %struct.MunStructInfo } { %struct.MunTypeInfo { [16 x i8] c"\F8\DC\E6\7F,\948\82\82\ED?\A7\97\96\8A|", [4 x i8]* @"type_info::<Baz>::name", i32 0, i8 1, i8 1 }, %struct.MunStructInfo { [4 x i8]* @"struct_info::<Baz>::name", i8 addrspace(4)* addrspace(4)* null, %struct.MunTypeInfo addrspace(4)* addrspace(4)* null, i16 addrspace(4)* null, i16 0, i8 1 } }
@global_type_table = global [10 x %struct.MunTypeInfo addrspace(4)*] [%struct.MunTypeInfo addrspace(4)* @"type_info::<Foo>", %struct.MunTypeInfo addrspace(4)* @"type_info::<*const TypeInfo>", %struct.MunTypeInfo addrspace(4)* @"type_info::<core::i64>", %struct.MunTypeInfo addrspace(4)* @"type_info::<core::f64>", %struct.MunTypeInfo addrspace(4)* @"type_info::<core::bool>", %struct.MunTypeInfo addrspace(4)* @"type_info::<*const *mut core::void>", %struct.MunTypeInfo addrspace(4)* @"type_info::<Bar>", %struct.MunTypeInfo addrspace(4)* @"type_info::<*const core::void>", %struct.MunTypeInfo addrspace(4)* @"type_info::<*mut core::void>", %struct.MunTypeInfo addrspace(4)* @"type_info::<Baz>"]
@dispatchTable = global %DispatchTable zeroinitializer
@allocatorHandle = unnamed_addr global i8* null

